2022-02-06T15:08:59.372+0100	INFO	Info() uses sprint
2022-02-06T15:08:59.372+0100	INFO	Infof() uses sprintf
2022-02-06T15:08:59.372+0100	INFO	Infow() allows tags	{"name": "Legolas", "type": 1}
2022-02-06T15:26:40.524+0100	INFO	Info() uses sprint
2022-02-06T15:26:40.524+0100	INFO	Infof() uses sprintf
2022-02-06T15:26:40.524+0100	INFO	Infow() allows tags	{"name": "Legolas", "type": 1}
